// Jest Snapshot v1, https://goo.gl/fbAQLP

exports[`Help Message ensure 'not enough non-option arguments' warning message 1`] = `",,c8.js[opts][script][opts]Commands:c8.jscheck-coveragecheckwhethercoverageiswithinthresholdsprovidedc8.jsreportreadV8coveragedatafromtempandoutputreportReportingoptions-r,--reportercoveragereporter(s)touse[default:\\"text\\"]-o,--reports-dir,--report-dirdirectorywherecoveragereportswillbeoutputto[default:\\"./coverage\\"]--allsupplying--allwillcausec8toconsiderallsrcfilesinthecurrentworkingdirectorywhenthedeterminingcoverage.Respectsinclude/exclude.[boolean][default:false]--srcsupplying--srcwilloverridecwdasthedefaultlocationwhere--alllooksforsrcfiles.--srccanbesuppliedmultipletimesandeachdirectorywillbeincluded.Thisallowsforworkspacesspanningmultipleprojects[string]-n,--includealistofspecificfilesthatshouldbecovered(globpatternsaresupported)[default:[]]-x,--excludealistofspecificfilesanddirectoriesthatshouldbeexcludedfromcoverage(globpatternsaresupported)[default:[\\"coverage/**\\",\\"packages/*/test{,s}/**\\",\\"**/*.d.ts\\",\\"test{,s}/**\\",\\"test{,-*}.{js,cjs,mjs,ts,tsx,jsx}\\",\\"**/*{.,-}test.{js,cjs,mjs,ts,tsx,jsx}\\",\\"**/__tests__/**\\",\\"**/{ava,babel,nyc}.config.{js,cjs,mjs}\\",\\"**/jest.config.{js,cjs,mjs,ts}\\",\\"**/{karma,rollup,webpack}.config.js\\",\\"**/.{eslint,mocha}rc.{js,cjs}\\"]]-e,--extensionalistofspecificfileextensionsthatshouldbecovered[default:[\\".js\\",\\".cjs\\",\\".mjs\\",\\".ts\\",\\".tsx\\",\\".jsx\\"]]-a,--exclude-after-remapapplyexcludelogictofilesaftertheyareremappedbyasource-map[boolean][default:false]--skip-fulldonotshowfileswith100%statement,branch,andfunctioncoverage[boolean][default:false]Coveragethresholds--check-coveragecheckwhethercoverageiswithinthresholdsprovided[boolean][default:false]--brancheswhat%ofbranchesmustbecovered?[number][default:0]--functionswhat%offunctionsmustbecovered?[number][default:0]--lineswhat%oflinesmustbecovered?[number][default:90]--statementswhat%ofstatementsmustbecovered?[number][default:0]--per-filecheckthresholdsperfile[boolean][default:false]--100shortcutfor--check-coverage--lines100--functions100--branches100--statements100[boolean][default:false]Options:--helpShowhelp[boolean]--versionShowversionnumber[boolean]-c,--configpathtoJSONconfigurationfile[default:(default)]--exclude-node-moduleswhetherornottoexcludeallnode_modulefolders(i.e.**/node_modules/**)bydefault[boolean][default:true]--temp-directorydirectoryV8coveragedataiswrittentoandreadfrom[default:\\"C:Users15712OneDriveDesktopc8coveragetmp\\"]--cleanshouldtempfilesbedeletedbeforescriptexecution[boolean][default:true]--resolveresolvepathstoalternatebasedirectory[default:\\"\\"]--wrapper-lengthhowmanybytesisthewrapperprefixonexecutedJavaScript[number]--omit-relativeomitanypathsthatarenotabsolute,e.g.,internal/net.js[boolean][default:true]--allowExternalsupplying--allowExternalwillcausec8toallowfilesfromoutsideofyourcwd.Thisappliesbothtofilesdiscoveredincoveragetempfilesandalsosrcfilesdiscoveredifusingthe--allflag.[boolean][default:false]--merge-asyncsupplying--merge-asyncwillmergeallv8coveragereportsasynchronouslyandincrementally.ThisistoavoidOOMissueswithNode.jsruntime.[boolean][default:false]--print-configPrintthederivedconfigurationbetweencommandlineparametersandloadedconfigurationfile[boolean][default:false]--print-config-formatFormattoprinttheconfigurationin.Acceptedformatsareeithertextorjson[string][default:\\"text\\"]visithttps://git.io/vHysAforlistofavailablereportersNotenoughnon-optionarguments:got0,needatleast1"`;

exports[`Help Message ensure the help message is correct 1`] = `",c8.js[opts][script][opts]Commands:c8.jscheck-coveragecheckwhethercoverageiswithinthresholdsprovidedc8.jsreportreadV8coveragedatafromtempandoutputreportReportingoptions-r,--reportercoveragereporter(s)touse[default:\\"text\\"]-o,--reports-dir,--report-dirdirectorywherecoveragereportswillbeoutputto[default:\\"./coverage\\"]--allsupplying--allwillcausec8toconsiderallsrcfilesinthecurrentworkingdirectorywhenthedeterminingcoverage.Respectsinclude/exclude.[boolean][default:false]--srcsupplying--srcwilloverridecwdasthedefaultlocationwhere--alllooksforsrcfiles.--srccanbesuppliedmultipletimesandeachdirectorywillbeincluded.Thisallowsforworkspacesspanningmultipleprojects[string]-n,--includealistofspecificfilesthatshouldbecovered(globpatternsaresupported)[default:[]]-x,--excludealistofspecificfilesanddirectoriesthatshouldbeexcludedfromcoverage(globpatternsaresupported)[default:[\\"coverage/**\\",\\"packages/*/test{,s}/**\\",\\"**/*.d.ts\\",\\"test{,s}/**\\",\\"test{,-*}.{js,cjs,mjs,ts,tsx,jsx}\\",\\"**/*{.,-}test.{js,cjs,mjs,ts,tsx,jsx}\\",\\"**/__tests__/**\\",\\"**/{ava,babel,nyc}.config.{js,cjs,mjs}\\",\\"**/jest.config.{js,cjs,mjs,ts}\\",\\"**/{karma,rollup,webpack}.config.js\\",\\"**/.{eslint,mocha}rc.{js,cjs}\\"]]-e,--extensionalistofspecificfileextensionsthatshouldbecovered[default:[\\".js\\",\\".cjs\\",\\".mjs\\",\\".ts\\",\\".tsx\\",\\".jsx\\"]]-a,--exclude-after-remapapplyexcludelogictofilesaftertheyareremappedbyasource-map[boolean][default:false]--skip-fulldonotshowfileswith100%statement,branch,andfunctioncoverage[boolean][default:false]Coveragethresholds--check-coveragecheckwhethercoverageiswithinthresholdsprovided[boolean][default:false]--brancheswhat%ofbranchesmustbecovered?[number][default:0]--functionswhat%offunctionsmustbecovered?[number][default:0]--lineswhat%oflinesmustbecovered?[number][default:90]--statementswhat%ofstatementsmustbecovered?[number][default:0]--per-filecheckthresholdsperfile[boolean][default:false]--100shortcutfor--check-coverage--lines100--functions100--branches100--statements100[boolean][default:false]Options:--helpShowhelp[boolean]--versionShowversionnumber[boolean]-c,--configpathtoJSONconfigurationfile[default:(default)]--exclude-node-moduleswhetherornottoexcludeallnode_modulefolders(i.e.**/node_modules/**)bydefault[boolean][default:true]--temp-directorydirectoryV8coveragedataiswrittentoandreadfrom[default:\\"C:Users15712OneDriveDesktopc8coveragetmp\\"]--cleanshouldtempfilesbedeletedbeforescriptexecution[boolean][default:true]--resolveresolvepathstoalternatebasedirectory[default:\\"\\"]--wrapper-lengthhowmanybytesisthewrapperprefixonexecutedJavaScript[number]--omit-relativeomitanypathsthatarenotabsolute,e.g.,internal/net.js[boolean][default:true]--allowExternalsupplying--allowExternalwillcausec8toallowfilesfromoutsideofyourcwd.Thisappliesbothtofilesdiscoveredincoveragetempfilesandalsosrcfilesdiscoveredifusingthe--allflag.[boolean][default:false]--merge-asyncsupplying--merge-asyncwillmergeallv8coveragereportsasynchronouslyandincrementally.ThisistoavoidOOMissueswithNode.jsruntime.[boolean][default:false]--print-configPrintthederivedconfigurationbetweencommandlineparametersandloadedconfigurationfile[boolean][default:false]--print-config-formatFormattoprinttheconfigurationin.Acceptedformatsareeithertextorjson[string][default:\\"text\\"]visithttps://git.io/vHysAforlistofavailablereporters,"`;

exports[`Print derived configuration CLI option ensure valid json 1`] = `
Object {
  "100": false,
  "all": false,
  "allow-external": false,
  "branches": 82,
  "check-coverage": false,
  "clean": true,
  "config": "C:\\\\Users\\\\15712\\\\OneDrive\\\\Desktop\\\\c8\\\\.nycrc",
  "exclude": Array [
    "coverage/**",
    "packages/*/test{,s}/**",
    "**/*.d.ts",
    "test{,s}/**",
    "test{,-*}.{js,cjs,mjs,ts,tsx,jsx}",
    "**/*{.,-}test.{js,cjs,mjs,ts,tsx,jsx}",
    "**/__tests__/**",
    "**/{ava,babel,nyc}.config.{js,cjs,mjs}",
    "**/jest.config.{js,cjs,mjs,ts}",
    "**/{karma,rollup,webpack}.config.js",
    "**/.{eslint,mocha}rc.{js,cjs}",
  ],
  "exclude-after-remap": false,
  "exclude-node-modules": true,
  "extension": Array [
    ".js",
    ".cjs",
    ".mjs",
    ".ts",
    ".tsx",
    ".jsx",
  ],
  "functions": 0,
  "include": Array [],
  "lines": 95,
  "merge-async": false,
  "omit-relative": true,
  "per-file": false,
  "print-config": true,
  "print-config-format": "json",
  "report-dir": "./coverage",
  "reporter": Array [
    "html",
    "text",
  ],
  "reports-dir": "./coverage",
  "resolve": "",
  "skip-full": false,
  "statements": 95,
  "temp-directory": "C:\\\\Users\\\\15712\\\\OneDrive\\\\Desktop\\\\c8\\\\coverage\\\\tmp",
}
`;

exports[`Print derived configuration CLI option should demand arguments: --print-config=false 1`] = `",,c8.js[opts][script][opts]Commands:c8.jscheck-coveragecheckwhethercoverageiswithinthresholdsprovidedc8.jsreportreadV8coveragedatafromtempandoutputreportReportingoptions-r,--reportercoveragereporter(s)touse[default:\\"text\\"]-o,--reports-dir,--report-dirdirectorywherecoveragereportswillbeoutputto[default:\\"./coverage\\"]--allsupplying--allwillcausec8toconsiderallsrcfilesinthecurrentworkingdirectorywhenthedeterminingcoverage.Respectsinclude/exclude.[boolean][default:false]--srcsupplying--srcwilloverridecwdasthedefaultlocationwhere--alllooksforsrcfiles.--srccanbesuppliedmultipletimesandeachdirectorywillbeincluded.Thisallowsforworkspacesspanningmultipleprojects[string]-n,--includealistofspecificfilesthatshouldbecovered(globpatternsaresupported)[default:[]]-x,--excludealistofspecificfilesanddirectoriesthatshouldbeexcludedfromcoverage(globpatternsaresupported)[default:[\\"coverage/**\\",\\"packages/*/test{,s}/**\\",\\"**/*.d.ts\\",\\"test{,s}/**\\",\\"test{,-*}.{js,cjs,mjs,ts,tsx,jsx}\\",\\"**/*{.,-}test.{js,cjs,mjs,ts,tsx,jsx}\\",\\"**/__tests__/**\\",\\"**/{ava,babel,nyc}.config.{js,cjs,mjs}\\",\\"**/jest.config.{js,cjs,mjs,ts}\\",\\"**/{karma,rollup,webpack}.config.js\\",\\"**/.{eslint,mocha}rc.{js,cjs}\\"]]-e,--extensionalistofspecificfileextensionsthatshouldbecovered[default:[\\".js\\",\\".cjs\\",\\".mjs\\",\\".ts\\",\\".tsx\\",\\".jsx\\"]]-a,--exclude-after-remapapplyexcludelogictofilesaftertheyareremappedbyasource-map[boolean][default:false]--skip-fulldonotshowfileswith100%statement,branch,andfunctioncoverage[boolean][default:false]Coveragethresholds--check-coveragecheckwhethercoverageiswithinthresholdsprovided[boolean][default:false]--brancheswhat%ofbranchesmustbecovered?[number][default:0]--functionswhat%offunctionsmustbecovered?[number][default:0]--lineswhat%oflinesmustbecovered?[number][default:90]--statementswhat%ofstatementsmustbecovered?[number][default:0]--per-filecheckthresholdsperfile[boolean][default:false]--100shortcutfor--check-coverage--lines100--functions100--branches100--statements100[boolean][default:false]Options:--helpShowhelp[boolean]--versionShowversionnumber[boolean]-c,--configpathtoJSONconfigurationfile[default:(default)]--exclude-node-moduleswhetherornottoexcludeallnode_modulefolders(i.e.**/node_modules/**)bydefault[boolean][default:true]--temp-directorydirectoryV8coveragedataiswrittentoandreadfrom[default:\\"C:Users15712OneDriveDesktopc8coveragetmp\\"]--cleanshouldtempfilesbedeletedbeforescriptexecution[boolean][default:true]--resolveresolvepathstoalternatebasedirectory[default:\\"\\"]--wrapper-lengthhowmanybytesisthewrapperprefixonexecutedJavaScript[number]--omit-relativeomitanypathsthatarenotabsolute,e.g.,internal/net.js[boolean][default:true]--allowExternalsupplying--allowExternalwillcausec8toallowfilesfromoutsideofyourcwd.Thisappliesbothtofilesdiscoveredincoveragetempfilesandalsosrcfilesdiscoveredifusingthe--allflag.[boolean][default:false]--merge-asyncsupplying--merge-asyncwillmergeallv8coveragereportsasynchronouslyandincrementally.ThisistoavoidOOMissueswithNode.jsruntime.[boolean][default:false]--print-configPrintthederivedconfigurationbetweencommandlineparametersandloadedconfigurationfile[boolean][default:false]--print-config-formatFormattoprinttheconfigurationin.Acceptedformatsareeithertextorjson[string][default:\\"text\\"]visithttps://git.io/vHysAforlistofavailablereportersNotenoughnon-optionarguments:got0,needatleast1"`;

exports[`Print derived configuration CLI option should not demand any arguments: --print-config 1`] = `",/*________/______/____*//*_____/////////_____////////__*//*___//_____________/_____/__*//*__/_______________////___*//*_/________________////////__*//*_//______________/______//_*//*__///___________//______/__*//*____////___////___*//*_______/////////______/////////_____*/CommandIssued:c8--print-configConfigFileLoaded:C:Users15712OneDriveDesktopc8.nycrcDerivedConfigurationfromCLIoptionsandconfigurationfile------------------------------------------------------------------------------100:falseprint-config:truereporter:[\\"html\\",\\"text\\"]lines:95branches:82statements:95config:'C:Users15712OneDriveDesktopc8.nycrc'reports-dir:'./coverage'report-dir:'./coverage'all:falsesrc:undefinedexclude-node-modules:trueinclude:exclude:[\\"coverage/**\\",\\"packages/*/test{,s}/**\\",\\"**/*.d.ts\\",\\"test{,s}/**\\",\\"test{,-*}.{js,cjs,mjs,ts,tsx,jsx}\\",\\"**/*{.,-}test.{js,cjs,mjs,ts,tsx,jsx}\\",\\"**/__tests__/**\\",\\"**/{ava,babel,nyc}.config.{js,cjs,mjs}\\",\\"**/jest.config.{js,cjs,mjs,ts}\\",\\"**/{karma,rollup,webpack}.config.js\\",\\"**/.{eslint,mocha}rc.{js,cjs}\\"]extension:[\\".js\\",\\".cjs\\",\\".mjs\\",\\".ts\\",\\".tsx\\",\\".jsx\\"]exclude-after-remap:falseskip-full:falsecheck-coverage:falsefunctions:0per-file:falsetemp-directory:'C:Users15712OneDriveDesktopc8coveragetmp'clean:trueresolve:''omit-relative:trueallow-external:falsemerge-async:falseprint-config-format:'text',"`;

exports[`Print derived configuration CLI option should not demand any arguments: --print-config=true 1`] = `",/*________/______/____*//*_____/////////_____////////__*//*___//_____________/_____/__*//*__/_______________////___*//*_/________________////////__*//*_//______________/______//_*//*__///___________//______/__*//*____////___////___*//*_______/////////______/////////_____*/CommandIssued:c8--print-config=trueConfigFileLoaded:C:Users15712OneDriveDesktopc8.nycrcDerivedConfigurationfromCLIoptionsandconfigurationfile------------------------------------------------------------------------------100:falseprint-config:truereporter:[\\"html\\",\\"text\\"]lines:95branches:82statements:95config:'C:Users15712OneDriveDesktopc8.nycrc'reports-dir:'./coverage'report-dir:'./coverage'all:falsesrc:undefinedexclude-node-modules:trueinclude:exclude:[\\"coverage/**\\",\\"packages/*/test{,s}/**\\",\\"**/*.d.ts\\",\\"test{,s}/**\\",\\"test{,-*}.{js,cjs,mjs,ts,tsx,jsx}\\",\\"**/*{.,-}test.{js,cjs,mjs,ts,tsx,jsx}\\",\\"**/__tests__/**\\",\\"**/{ava,babel,nyc}.config.{js,cjs,mjs}\\",\\"**/jest.config.{js,cjs,mjs,ts}\\",\\"**/{karma,rollup,webpack}.config.js\\",\\"**/.{eslint,mocha}rc.{js,cjs}\\"]extension:[\\".js\\",\\".cjs\\",\\".mjs\\",\\".ts\\",\\".tsx\\",\\".jsx\\"]exclude-after-remap:falseskip-full:falsecheck-coverage:falsefunctions:0per-file:falsetemp-directory:'C:Users15712OneDriveDesktopc8coveragetmp'clean:trueresolve:''omit-relative:trueallow-external:falsemerge-async:falseprint-config-format:'text',"`;

exports[`Print derived configuration CLI option should not demand arguments: --print-config=false 1`] = `",zeropositivenegative--------------|---------|----------|---------|---------|-------------------File|%Stmts|%Branch|%Funcs|%Lines|UncoveredLine#s--------------|---------|----------|---------|---------|-------------------Allfiles|64.28|66.66|50|64.28|vanilla|78.26|75|100|78.26|loaded.js|73.68|71.42|100|73.68|4-5,16-18main.js|100|100|100|100|vanilla/dir|0|0|0|0|unloaded.js|0|0|0|0|1-5--------------|---------|----------|---------|---------|-------------------,"`;
